// Jest Snapshot v1, https://jestjs.io/docs/snapshot-testing

exports[`CwdComputeStack matches the committed template snapshot 1`] = `
{
  "Outputs": {
    "ApiBaseUrl": {
      "Value": {
        "Fn::GetAtt": [
          "HttpApiF5A9A8A7",
          "ApiEndpoint",
        ],
      },
    },
  },
  "Parameters": {
    "BootstrapVersion": {
      "Default": "/cdk-bootstrap/hnb659fds/version",
      "Description": "Version of the CDK Bootstrap resources in this environment, automatically retrieved from SSM Parameter Store. [cdk:skip]",
      "Type": "AWS::SSM::Parameter::Value<String>",
    },
  },
  "Resources": {
    "ApiFunctionCE271BD4": {
      "DependsOn": [
        "ApiFunctionServiceRoleDefaultPolicy20A32B8D",
        "ApiFunctionServiceRole52B9747B",
      ],
      "Properties": {
        "Architectures": [
          "x86_64",
        ],
        "Code": {
          "ImageUri": {
            "Fn::Sub": "123456789012.dkr.ecr.us-east-1.\${AWS::URLSuffix}/cdk-hnb659fds-container-assets-123456789012-us-east-1:e5a6beea3dc074c0da08f8da15ff42199788cb950e7928885803f939b6eba485",
          },
        },
        "Environment": {
          "Variables": {
            "CWD_COMMIT": "<commit-sha>",
            "CWD_DOCUMENTS_BUCKET_NAME": {
              "Fn::ImportValue": "TestDataStack:ExportsOutputRefDocumentsBucket9EC9DEB9131399C0",
            },
            "CWD_ENV": "dev",
            "CWD_VERSION": "0.1.0",
          },
        },
        "FunctionName": "cwd-dev-api",
        "ImageConfig": {
          "Command": [
            "api.handler.lambda_handler",
          ],
        },
        "LoggingConfig": {
          "LogGroup": {
            "Ref": "ApiLogGroup1DEDFC07",
          },
        },
        "MemorySize": 512,
        "PackageType": "Image",
        "Role": {
          "Fn::GetAtt": [
            "ApiFunctionServiceRole52B9747B",
            "Arn",
          ],
        },
        "Timeout": 10,
      },
      "Type": "AWS::Lambda::Function",
    },
    "ApiFunctionServiceRole52B9747B": {
      "Properties": {
        "AssumeRolePolicyDocument": {
          "Statement": [
            {
              "Action": "sts:AssumeRole",
              "Effect": "Allow",
              "Principal": {
                "Service": "lambda.amazonaws.com",
              },
            },
          ],
          "Version": "2012-10-17",
        },
        "ManagedPolicyArns": [
          {
            "Fn::Join": [
              "",
              [
                "arn:",
                {
                  "Ref": "AWS::Partition",
                },
                ":iam::aws:policy/service-role/AWSLambdaBasicExecutionRole",
              ],
            ],
          },
        ],
      },
      "Type": "AWS::IAM::Role",
    },
    "ApiFunctionServiceRoleDefaultPolicy20A32B8D": {
      "Properties": {
        "PolicyDocument": {
          "Statement": [
            {
              "Action": [
                "dynamodb:BatchGetItem",
                "dynamodb:Query",
                "dynamodb:GetItem",
                "dynamodb:Scan",
                "dynamodb:ConditionCheckItem",
                "dynamodb:BatchWriteItem",
                "dynamodb:PutItem",
                "dynamodb:UpdateItem",
                "dynamodb:DeleteItem",
                "dynamodb:DescribeTable",
              ],
              "Effect": "Allow",
              "Resource": {
                "Fn::ImportValue": "TestDataStack:ExportsOutputFnGetAttTableCD117FA1ArnE2C8C204",
              },
            },
            {
              "Action": [
                "dynamodb:GetRecords",
                "dynamodb:GetShardIterator",
              ],
              "Effect": "Allow",
              "Resource": {
                "Fn::ImportValue": "TestDataStack:ExportsOutputFnGetAttTableCD117FA1ArnE2C8C204",
              },
            },
            {
              "Action": "dynamodb:TransactWriteItems",
              "Effect": "Allow",
              "Resource": {
                "Fn::ImportValue": "TestDataStack:ExportsOutputFnGetAttTableCD117FA1ArnE2C8C204",
              },
            },
            {
              "Action": [
                "s3:GetObject*",
                "s3:GetBucket*",
                "s3:List*",
                "s3:DeleteObject*",
                "s3:PutObject",
                "s3:PutObjectLegalHold",
                "s3:PutObjectRetention",
                "s3:PutObjectTagging",
                "s3:PutObjectVersionTagging",
                "s3:Abort*",
              ],
              "Effect": "Allow",
              "Resource": [
                {
                  "Fn::ImportValue": "TestDataStack:ExportsOutputFnGetAttDocumentsBucket9EC9DEB9ArnEA5095A7",
                },
                {
                  "Fn::Join": [
                    "",
                    [
                      {
                        "Fn::ImportValue": "TestDataStack:ExportsOutputFnGetAttDocumentsBucket9EC9DEB9ArnEA5095A7",
                      },
                      "/raw/*",
                    ],
                  ],
                },
              ],
            },
            {
              "Action": "s3:DeleteObject*",
              "Effect": "Allow",
              "Resource": {
                "Fn::Join": [
                  "",
                  [
                    {
                      "Fn::ImportValue": "TestDataStack:ExportsOutputFnGetAttDocumentsBucket9EC9DEB9ArnEA5095A7",
                    },
                    "/raw/*",
                  ],
                ],
              },
            },
            {
              "Action": [
                "s3:GetObject*",
                "s3:GetBucket*",
                "s3:List*",
                "s3:DeleteObject*",
                "s3:PutObject",
                "s3:PutObjectLegalHold",
                "s3:PutObjectRetention",
                "s3:PutObjectTagging",
                "s3:PutObjectVersionTagging",
                "s3:Abort*",
              ],
              "Effect": "Allow",
              "Resource": [
                {
                  "Fn::ImportValue": "TestDataStack:ExportsOutputFnGetAttDocumentsBucket9EC9DEB9ArnEA5095A7",
                },
                {
                  "Fn::Join": [
                    "",
                    [
                      {
                        "Fn::ImportValue": "TestDataStack:ExportsOutputFnGetAttDocumentsBucket9EC9DEB9ArnEA5095A7",
                      },
                      "/pages/*",
                    ],
                  ],
                },
              ],
            },
            {
              "Action": "s3:DeleteObject*",
              "Effect": "Allow",
              "Resource": {
                "Fn::Join": [
                  "",
                  [
                    {
                      "Fn::ImportValue": "TestDataStack:ExportsOutputFnGetAttDocumentsBucket9EC9DEB9ArnEA5095A7",
                    },
                    "/pages/*",
                  ],
                ],
              },
            },
          ],
          "Version": "2012-10-17",
        },
        "PolicyName": "ApiFunctionServiceRoleDefaultPolicy20A32B8D",
        "Roles": [
          {
            "Ref": "ApiFunctionServiceRole52B9747B",
          },
        ],
      },
      "Type": "AWS::IAM::Policy",
    },
    "ApiLogGroup1DEDFC07": {
      "DeletionPolicy": "Delete",
      "Properties": {
        "LogGroupName": "/aws/lambda/cwd-dev-api",
        "RetentionInDays": 30,
      },
      "Type": "AWS::Logs::LogGroup",
      "UpdateReplacePolicy": "Delete",
    },
    "Dashboard9E4231ED": {
      "Properties": {
        "DashboardBody": {
          "Fn::Join": [
            "",
            [
              "{"widgets":[{"type":"metric","width":6,"height":6,"x":0,"y":0,"properties":{"view":"timeSeries","title":"api Lambda invocations / errors","region":"",
              {
                "Ref": "AWS::Region",
              },
              "","metrics":[["AWS/Lambda","Invocations","FunctionName","",
              {
                "Ref": "ApiFunctionCE271BD4",
              },
              "",{"stat":"Sum"}],["AWS/Lambda","Errors","FunctionName","",
              {
                "Ref": "ApiFunctionCE271BD4",
              },
              "",{"stat":"Sum"}]],"yAxis":{}}},{"type":"metric","width":6,"height":6,"x":6,"y":0,"properties":{"view":"timeSeries","title":"api Lambda duration","region":"",
              {
                "Ref": "AWS::Region",
              },
              "","metrics":[["AWS/Lambda","Duration","FunctionName","",
              {
                "Ref": "ApiFunctionCE271BD4",
              },
              ""]],"yAxis":{}}}]}",
            ],
          ],
        },
        "DashboardName": "cwd-dev",
      },
      "Type": "AWS::CloudWatch::Dashboard",
    },
    "HttpApiDELETEprojectsprojectId81CC9700": {
      "Properties": {
        "ApiId": {
          "Ref": "HttpApiF5A9A8A7",
        },
        "AuthorizationType": "JWT",
        "AuthorizerId": {
          "Ref": "HttpApiJwtAuthorizer14F16BDB",
        },
        "RouteKey": "DELETE /projects/{projectId}",
        "Target": {
          "Fn::Join": [
            "",
            [
              "integrations/",
              {
                "Ref": "HttpApiGEThealthApiIntegration8B197B8C",
              },
            ],
          ],
        },
      },
      "Type": "AWS::ApiGatewayV2::Route",
    },
    "HttpApiDELETEprojectsprojectIdApiIntegrationPermissionB94B6FBF": {
      "Properties": {
        "Action": "lambda:InvokeFunction",
        "FunctionName": {
          "Fn::GetAtt": [
            "ApiFunctionCE271BD4",
            "Arn",
          ],
        },
        "Principal": "apigateway.amazonaws.com",
        "SourceArn": {
          "Fn::Join": [
            "",
            [
              "arn:",
              {
                "Ref": "AWS::Partition",
              },
              ":execute-api:us-east-1:123456789012:",
              {
                "Ref": "HttpApiF5A9A8A7",
              },
              "/*/*/projects/{projectId}",
            ],
          ],
        },
      },
      "Type": "AWS::Lambda::Permission",
    },
    "HttpApiDELETEprojectsprojectIddocumentsdocumentIdApiIntegrationPermissionE1032B80": {
      "Properties": {
        "Action": "lambda:InvokeFunction",
        "FunctionName": {
          "Fn::GetAtt": [
            "ApiFunctionCE271BD4",
            "Arn",
          ],
        },
        "Principal": "apigateway.amazonaws.com",
        "SourceArn": {
          "Fn::Join": [
            "",
            [
              "arn:",
              {
                "Ref": "AWS::Partition",
              },
              ":execute-api:us-east-1:123456789012:",
              {
                "Ref": "HttpApiF5A9A8A7",
              },
              "/*/*/projects/{projectId}/documents/{documentId}",
            ],
          ],
        },
      },
      "Type": "AWS::Lambda::Permission",
    },
    "HttpApiDELETEprojectsprojectIddocumentsdocumentIdFEC96AEC": {
      "Properties": {
        "ApiId": {
          "Ref": "HttpApiF5A9A8A7",
        },
        "AuthorizationType": "JWT",
        "AuthorizerId": {
          "Ref": "HttpApiJwtAuthorizer14F16BDB",
        },
        "RouteKey": "DELETE /projects/{projectId}/documents/{documentId}",
        "Target": {
          "Fn::Join": [
            "",
            [
              "integrations/",
              {
                "Ref": "HttpApiGEThealthApiIntegration8B197B8C",
              },
            ],
          ],
        },
      },
      "Type": "AWS::ApiGatewayV2::Route",
    },
    "HttpApiDefaultStage3EEB07D6": {
      "Properties": {
        "ApiId": {
          "Ref": "HttpApiF5A9A8A7",
        },
        "AutoDeploy": true,
        "StageName": "$default",
      },
      "Type": "AWS::ApiGatewayV2::Stage",
    },
    "HttpApiF5A9A8A7": {
      "Properties": {
        "CorsConfiguration": {
          "AllowHeaders": [
            "Authorization",
            "Content-Type",
          ],
          "AllowMethods": [
            "GET",
            "POST",
            "PATCH",
            "DELETE",
          ],
          "AllowOrigins": [
            "https://d111111abcdef8.cloudfront.net",
            "http://localhost:5173",
          ],
        },
        "Name": "cwd-dev-api",
        "ProtocolType": "HTTP",
      },
      "Type": "AWS::ApiGatewayV2::Api",
    },
    "HttpApiGEThealthAB1F4856": {
      "Properties": {
        "ApiId": {
          "Ref": "HttpApiF5A9A8A7",
        },
        "AuthorizationType": "NONE",
        "RouteKey": "GET /health",
        "Target": {
          "Fn::Join": [
            "",
            [
              "integrations/",
              {
                "Ref": "HttpApiGEThealthApiIntegration8B197B8C",
              },
            ],
          ],
        },
      },
      "Type": "AWS::ApiGatewayV2::Route",
    },
    "HttpApiGEThealthApiIntegration8B197B8C": {
      "Properties": {
        "ApiId": {
          "Ref": "HttpApiF5A9A8A7",
        },
        "IntegrationType": "AWS_PROXY",
        "IntegrationUri": {
          "Fn::GetAtt": [
            "ApiFunctionCE271BD4",
            "Arn",
          ],
        },
        "PayloadFormatVersion": "2.0",
      },
      "Type": "AWS::ApiGatewayV2::Integration",
    },
    "HttpApiGEThealthApiIntegrationPermissionBE15BCAA": {
      "Properties": {
        "Action": "lambda:InvokeFunction",
        "FunctionName": {
          "Fn::GetAtt": [
            "ApiFunctionCE271BD4",
            "Arn",
          ],
        },
        "Principal": "apigateway.amazonaws.com",
        "SourceArn": {
          "Fn::Join": [
            "",
            [
              "arn:",
              {
                "Ref": "AWS::Partition",
              },
              ":execute-api:us-east-1:123456789012:",
              {
                "Ref": "HttpApiF5A9A8A7",
              },
              "/*/*/health",
            ],
          ],
        },
      },
      "Type": "AWS::Lambda::Permission",
    },
    "HttpApiGETprojects7D083A2C": {
      "Properties": {
        "ApiId": {
          "Ref": "HttpApiF5A9A8A7",
        },
        "AuthorizationType": "JWT",
        "AuthorizerId": {
          "Ref": "HttpApiJwtAuthorizer14F16BDB",
        },
        "RouteKey": "GET /projects",
        "Target": {
          "Fn::Join": [
            "",
            [
              "integrations/",
              {
                "Ref": "HttpApiGEThealthApiIntegration8B197B8C",
              },
            ],
          ],
        },
      },
      "Type": "AWS::ApiGatewayV2::Route",
    },
    "HttpApiGETprojectsApiIntegrationPermission30980135": {
      "Properties": {
        "Action": "lambda:InvokeFunction",
        "FunctionName": {
          "Fn::GetAtt": [
            "ApiFunctionCE271BD4",
            "Arn",
          ],
        },
        "Principal": "apigateway.amazonaws.com",
        "SourceArn": {
          "Fn::Join": [
            "",
            [
              "arn:",
              {
                "Ref": "AWS::Partition",
              },
              ":execute-api:us-east-1:123456789012:",
              {
                "Ref": "HttpApiF5A9A8A7",
              },
              "/*/*/projects",
            ],
          ],
        },
      },
      "Type": "AWS::Lambda::Permission",
    },
    "HttpApiGETprojectsprojectIdApiIntegrationPermissionCB7A3116": {
      "Properties": {
        "Action": "lambda:InvokeFunction",
        "FunctionName": {
          "Fn::GetAtt": [
            "ApiFunctionCE271BD4",
            "Arn",
          ],
        },
        "Principal": "apigateway.amazonaws.com",
        "SourceArn": {
          "Fn::Join": [
            "",
            [
              "arn:",
              {
                "Ref": "AWS::Partition",
              },
              ":execute-api:us-east-1:123456789012:",
              {
                "Ref": "HttpApiF5A9A8A7",
              },
              "/*/*/projects/{projectId}",
            ],
          ],
        },
      },
      "Type": "AWS::Lambda::Permission",
    },
    "HttpApiGETprojectsprojectIdE901A974": {
      "Properties": {
        "ApiId": {
          "Ref": "HttpApiF5A9A8A7",
        },
        "AuthorizationType": "JWT",
        "AuthorizerId": {
          "Ref": "HttpApiJwtAuthorizer14F16BDB",
        },
        "RouteKey": "GET /projects/{projectId}",
        "Target": {
          "Fn::Join": [
            "",
            [
              "integrations/",
              {
                "Ref": "HttpApiGEThealthApiIntegration8B197B8C",
              },
            ],
          ],
        },
      },
      "Type": "AWS::ApiGatewayV2::Route",
    },
    "HttpApiGETprojectsprojectIddocuments581C0C22": {
      "Properties": {
        "ApiId": {
          "Ref": "HttpApiF5A9A8A7",
        },
        "AuthorizationType": "JWT",
        "AuthorizerId": {
          "Ref": "HttpApiJwtAuthorizer14F16BDB",
        },
        "RouteKey": "GET /projects/{projectId}/documents",
        "Target": {
          "Fn::Join": [
            "",
            [
              "integrations/",
              {
                "Ref": "HttpApiGEThealthApiIntegration8B197B8C",
              },
            ],
          ],
        },
      },
      "Type": "AWS::ApiGatewayV2::Route",
    },
    "HttpApiGETprojectsprojectIddocumentsApiIntegrationPermissionC926FCFF": {
      "Properties": {
        "Action": "lambda:InvokeFunction",
        "FunctionName": {
          "Fn::GetAtt": [
            "ApiFunctionCE271BD4",
            "Arn",
          ],
        },
        "Principal": "apigateway.amazonaws.com",
        "SourceArn": {
          "Fn::Join": [
            "",
            [
              "arn:",
              {
                "Ref": "AWS::Partition",
              },
              ":execute-api:us-east-1:123456789012:",
              {
                "Ref": "HttpApiF5A9A8A7",
              },
              "/*/*/projects/{projectId}/documents",
            ],
          ],
        },
      },
      "Type": "AWS::Lambda::Permission",
    },
    "HttpApiGETprojectsprojectIddocumentsdocumentIdApiIntegrationPermission63B0AA44": {
      "Properties": {
        "Action": "lambda:InvokeFunction",
        "FunctionName": {
          "Fn::GetAtt": [
            "ApiFunctionCE271BD4",
            "Arn",
          ],
        },
        "Principal": "apigateway.amazonaws.com",
        "SourceArn": {
          "Fn::Join": [
            "",
            [
              "arn:",
              {
                "Ref": "AWS::Partition",
              },
              ":execute-api:us-east-1:123456789012:",
              {
                "Ref": "HttpApiF5A9A8A7",
              },
              "/*/*/projects/{projectId}/documents/{documentId}",
            ],
          ],
        },
      },
      "Type": "AWS::Lambda::Permission",
    },
    "HttpApiGETprojectsprojectIddocumentsdocumentIdDEE2D7A6": {
      "Properties": {
        "ApiId": {
          "Ref": "HttpApiF5A9A8A7",
        },
        "AuthorizationType": "JWT",
        "AuthorizerId": {
          "Ref": "HttpApiJwtAuthorizer14F16BDB",
        },
        "RouteKey": "GET /projects/{projectId}/documents/{documentId}",
        "Target": {
          "Fn::Join": [
            "",
            [
              "integrations/",
              {
                "Ref": "HttpApiGEThealthApiIntegration8B197B8C",
              },
            ],
          ],
        },
      },
      "Type": "AWS::ApiGatewayV2::Route",
    },
    "HttpApiGETprojectsprojectIddocumentsdocumentIdpagespagerenderurlApiIntegrationPermission929BCAB4": {
      "Properties": {
        "Action": "lambda:InvokeFunction",
        "FunctionName": {
          "Fn::GetAtt": [
            "ApiFunctionCE271BD4",
            "Arn",
          ],
        },
        "Principal": "apigateway.amazonaws.com",
        "SourceArn": {
          "Fn::Join": [
            "",
            [
              "arn:",
              {
                "Ref": "AWS::Partition",
              },
              ":execute-api:us-east-1:123456789012:",
              {
                "Ref": "HttpApiF5A9A8A7",
              },
              "/*/*/projects/{projectId}/documents/{documentId}/pages/{page}/render-url",
            ],
          ],
        },
      },
      "Type": "AWS::Lambda::Permission",
    },
    "HttpApiGETprojectsprojectIddocumentsdocumentIdpagespagerenderurlFDF0D321": {
      "Properties": {
        "ApiId": {
          "Ref": "HttpApiF5A9A8A7",
        },
        "AuthorizationType": "JWT",
        "AuthorizerId": {
          "Ref": "HttpApiJwtAuthorizer14F16BDB",
        },
        "RouteKey": "GET /projects/{projectId}/documents/{documentId}/pages/{page}/render-url",
        "Target": {
          "Fn::Join": [
            "",
            [
              "integrations/",
              {
                "Ref": "HttpApiGEThealthApiIntegration8B197B8C",
              },
            ],
          ],
        },
      },
      "Type": "AWS::ApiGatewayV2::Route",
    },
    "HttpApiGETprojectsprojectIddocumentsdocumentIdsourceurlApiIntegrationPermission4AF94ECD": {
      "Properties": {
        "Action": "lambda:InvokeFunction",
        "FunctionName": {
          "Fn::GetAtt": [
            "ApiFunctionCE271BD4",
            "Arn",
          ],
        },
        "Principal": "apigateway.amazonaws.com",
        "SourceArn": {
          "Fn::Join": [
            "",
            [
              "arn:",
              {
                "Ref": "AWS::Partition",
              },
              ":execute-api:us-east-1:123456789012:",
              {
                "Ref": "HttpApiF5A9A8A7",
              },
              "/*/*/projects/{projectId}/documents/{documentId}/source-url",
            ],
          ],
        },
      },
      "Type": "AWS::Lambda::Permission",
    },
    "HttpApiGETprojectsprojectIddocumentsdocumentIdsourceurlE5DFAC06": {
      "Properties": {
        "ApiId": {
          "Ref": "HttpApiF5A9A8A7",
        },
        "AuthorizationType": "JWT",
        "AuthorizerId": {
          "Ref": "HttpApiJwtAuthorizer14F16BDB",
        },
        "RouteKey": "GET /projects/{projectId}/documents/{documentId}/source-url",
        "Target": {
          "Fn::Join": [
            "",
            [
              "integrations/",
              {
                "Ref": "HttpApiGEThealthApiIntegration8B197B8C",
              },
            ],
          ],
        },
      },
      "Type": "AWS::ApiGatewayV2::Route",
    },
    "HttpApiJwtAuthorizer14F16BDB": {
      "Properties": {
        "ApiId": {
          "Ref": "HttpApiF5A9A8A7",
        },
        "AuthorizerType": "JWT",
        "IdentitySource": [
          "$request.header.Authorization",
        ],
        "JwtConfiguration": {
          "Audience": [
            "test-client-id",
          ],
          "Issuer": "https://cognito-idp.us-east-1.amazonaws.com/us-east-1_test",
        },
        "Name": "JwtAuthorizer",
      },
      "Type": "AWS::ApiGatewayV2::Authorizer",
    },
    "HttpApiPATCHprojectsprojectIdApiIntegrationPermission3961DD74": {
      "Properties": {
        "Action": "lambda:InvokeFunction",
        "FunctionName": {
          "Fn::GetAtt": [
            "ApiFunctionCE271BD4",
            "Arn",
          ],
        },
        "Principal": "apigateway.amazonaws.com",
        "SourceArn": {
          "Fn::Join": [
            "",
            [
              "arn:",
              {
                "Ref": "AWS::Partition",
              },
              ":execute-api:us-east-1:123456789012:",
              {
                "Ref": "HttpApiF5A9A8A7",
              },
              "/*/*/projects/{projectId}",
            ],
          ],
        },
      },
      "Type": "AWS::Lambda::Permission",
    },
    "HttpApiPATCHprojectsprojectIdD3752F3B": {
      "Properties": {
        "ApiId": {
          "Ref": "HttpApiF5A9A8A7",
        },
        "AuthorizationType": "JWT",
        "AuthorizerId": {
          "Ref": "HttpApiJwtAuthorizer14F16BDB",
        },
        "RouteKey": "PATCH /projects/{projectId}",
        "Target": {
          "Fn::Join": [
            "",
            [
              "integrations/",
              {
                "Ref": "HttpApiGEThealthApiIntegration8B197B8C",
              },
            ],
          ],
        },
      },
      "Type": "AWS::ApiGatewayV2::Route",
    },
    "HttpApiPOSTprojects54952579": {
      "Properties": {
        "ApiId": {
          "Ref": "HttpApiF5A9A8A7",
        },
        "AuthorizationType": "JWT",
        "AuthorizerId": {
          "Ref": "HttpApiJwtAuthorizer14F16BDB",
        },
        "RouteKey": "POST /projects",
        "Target": {
          "Fn::Join": [
            "",
            [
              "integrations/",
              {
                "Ref": "HttpApiGEThealthApiIntegration8B197B8C",
              },
            ],
          ],
        },
      },
      "Type": "AWS::ApiGatewayV2::Route",
    },
    "HttpApiPOSTprojectsApiIntegrationPermission6E716AF6": {
      "Properties": {
        "Action": "lambda:InvokeFunction",
        "FunctionName": {
          "Fn::GetAtt": [
            "ApiFunctionCE271BD4",
            "Arn",
          ],
        },
        "Principal": "apigateway.amazonaws.com",
        "SourceArn": {
          "Fn::Join": [
            "",
            [
              "arn:",
              {
                "Ref": "AWS::Partition",
              },
              ":execute-api:us-east-1:123456789012:",
              {
                "Ref": "HttpApiF5A9A8A7",
              },
              "/*/*/projects",
            ],
          ],
        },
      },
      "Type": "AWS::Lambda::Permission",
    },
    "HttpApiPOSTprojectsprojectIddocuments7A1D3F62": {
      "Properties": {
        "ApiId": {
          "Ref": "HttpApiF5A9A8A7",
        },
        "AuthorizationType": "JWT",
        "AuthorizerId": {
          "Ref": "HttpApiJwtAuthorizer14F16BDB",
        },
        "RouteKey": "POST /projects/{projectId}/documents",
        "Target": {
          "Fn::Join": [
            "",
            [
              "integrations/",
              {
                "Ref": "HttpApiGEThealthApiIntegration8B197B8C",
              },
            ],
          ],
        },
      },
      "Type": "AWS::ApiGatewayV2::Route",
    },
    "HttpApiPOSTprojectsprojectIddocumentsApiIntegrationPermission043BF810": {
      "Properties": {
        "Action": "lambda:InvokeFunction",
        "FunctionName": {
          "Fn::GetAtt": [
            "ApiFunctionCE271BD4",
            "Arn",
          ],
        },
        "Principal": "apigateway.amazonaws.com",
        "SourceArn": {
          "Fn::Join": [
            "",
            [
              "arn:",
              {
                "Ref": "AWS::Partition",
              },
              ":execute-api:us-east-1:123456789012:",
              {
                "Ref": "HttpApiF5A9A8A7",
              },
              "/*/*/projects/{projectId}/documents",
            ],
          ],
        },
      },
      "Type": "AWS::Lambda::Permission",
    },
    "SweeperFunctionB5F2624B": {
      "DependsOn": [
        "SweeperFunctionServiceRoleDefaultPolicyD5F37340",
        "SweeperFunctionServiceRole2CF3687F",
      ],
      "Properties": {
        "Architectures": [
          "x86_64",
        ],
        "Code": {
          "ImageUri": {
            "Fn::Sub": "123456789012.dkr.ecr.us-east-1.\${AWS::URLSuffix}/cdk-hnb659fds-container-assets-123456789012-us-east-1:e5a6beea3dc074c0da08f8da15ff42199788cb950e7928885803f939b6eba485",
          },
        },
        "Environment": {
          "Variables": {
            "CWD_COMMIT": "<commit-sha>",
            "CWD_DOCUMENTS_BUCKET_NAME": {
              "Fn::ImportValue": "TestDataStack:ExportsOutputRefDocumentsBucket9EC9DEB9131399C0",
            },
            "CWD_ENV": "dev",
            "CWD_VERSION": "0.1.0",
          },
        },
        "FunctionName": "cwd-dev-document-sweeper",
        "ImageConfig": {
          "Command": [
            "api.sweeper.lambda_handler",
          ],
        },
        "LoggingConfig": {
          "LogGroup": {
            "Ref": "SweeperLogGroupCF4F3D67",
          },
        },
        "MemorySize": 512,
        "PackageType": "Image",
        "Role": {
          "Fn::GetAtt": [
            "SweeperFunctionServiceRole2CF3687F",
            "Arn",
          ],
        },
        "Timeout": 300,
      },
      "Type": "AWS::Lambda::Function",
    },
    "SweeperFunctionServiceRole2CF3687F": {
      "Properties": {
        "AssumeRolePolicyDocument": {
          "Statement": [
            {
              "Action": "sts:AssumeRole",
              "Effect": "Allow",
              "Principal": {
                "Service": "lambda.amazonaws.com",
              },
            },
          ],
          "Version": "2012-10-17",
        },
        "ManagedPolicyArns": [
          {
            "Fn::Join": [
              "",
              [
                "arn:",
                {
                  "Ref": "AWS::Partition",
                },
                ":iam::aws:policy/service-role/AWSLambdaBasicExecutionRole",
              ],
            ],
          },
        ],
      },
      "Type": "AWS::IAM::Role",
    },
    "SweeperFunctionServiceRoleDefaultPolicyD5F37340": {
      "Properties": {
        "PolicyDocument": {
          "Statement": [
            {
              "Action": [
                "dynamodb:BatchGetItem",
                "dynamodb:Query",
                "dynamodb:GetItem",
                "dynamodb:Scan",
                "dynamodb:ConditionCheckItem",
                "dynamodb:BatchWriteItem",
                "dynamodb:PutItem",
                "dynamodb:UpdateItem",
                "dynamodb:DeleteItem",
                "dynamodb:DescribeTable",
              ],
              "Effect": "Allow",
              "Resource": {
                "Fn::ImportValue": "TestDataStack:ExportsOutputFnGetAttTableCD117FA1ArnE2C8C204",
              },
            },
            {
              "Action": [
                "dynamodb:GetRecords",
                "dynamodb:GetShardIterator",
              ],
              "Effect": "Allow",
              "Resource": {
                "Fn::ImportValue": "TestDataStack:ExportsOutputFnGetAttTableCD117FA1ArnE2C8C204",
              },
            },
            {
              "Action": "dynamodb:TransactWriteItems",
              "Effect": "Allow",
              "Resource": {
                "Fn::ImportValue": "TestDataStack:ExportsOutputFnGetAttTableCD117FA1ArnE2C8C204",
              },
            },
            {
              "Action": [
                "s3:GetObject*",
                "s3:GetBucket*",
                "s3:List*",
              ],
              "Effect": "Allow",
              "Resource": [
                {
                  "Fn::ImportValue": "TestDataStack:ExportsOutputFnGetAttDocumentsBucket9EC9DEB9ArnEA5095A7",
                },
                {
                  "Fn::Join": [
                    "",
                    [
                      {
                        "Fn::ImportValue": "TestDataStack:ExportsOutputFnGetAttDocumentsBucket9EC9DEB9ArnEA5095A7",
                      },
                      "/raw/*",
                    ],
                  ],
                },
              ],
            },
            {
              "Action": "s3:DeleteObject*",
              "Effect": "Allow",
              "Resource": {
                "Fn::Join": [
                  "",
                  [
                    {
                      "Fn::ImportValue": "TestDataStack:ExportsOutputFnGetAttDocumentsBucket9EC9DEB9ArnEA5095A7",
                    },
                    "/raw/*",
                  ],
                ],
              },
            },
            {
              "Action": [
                "s3:GetObject*",
                "s3:GetBucket*",
                "s3:List*",
              ],
              "Effect": "Allow",
              "Resource": [
                {
                  "Fn::ImportValue": "TestDataStack:ExportsOutputFnGetAttDocumentsBucket9EC9DEB9ArnEA5095A7",
                },
                {
                  "Fn::Join": [
                    "",
                    [
                      {
                        "Fn::ImportValue": "TestDataStack:ExportsOutputFnGetAttDocumentsBucket9EC9DEB9ArnEA5095A7",
                      },
                      "/pages/*",
                    ],
                  ],
                },
              ],
            },
            {
              "Action": "s3:DeleteObject*",
              "Effect": "Allow",
              "Resource": {
                "Fn::Join": [
                  "",
                  [
                    {
                      "Fn::ImportValue": "TestDataStack:ExportsOutputFnGetAttDocumentsBucket9EC9DEB9ArnEA5095A7",
                    },
                    "/pages/*",
                  ],
                ],
              },
            },
          ],
          "Version": "2012-10-17",
        },
        "PolicyName": "SweeperFunctionServiceRoleDefaultPolicyD5F37340",
        "Roles": [
          {
            "Ref": "SweeperFunctionServiceRole2CF3687F",
          },
        ],
      },
      "Type": "AWS::IAM::Policy",
    },
    "SweeperLogGroupCF4F3D67": {
      "DeletionPolicy": "Delete",
      "Properties": {
        "LogGroupName": "/aws/lambda/cwd-dev-document-sweeper",
        "RetentionInDays": 30,
      },
      "Type": "AWS::Logs::LogGroup",
      "UpdateReplacePolicy": "Delete",
    },
    "SweeperSchedule231E891E": {
      "Properties": {
        "ScheduleExpression": "rate(1 day)",
        "State": "ENABLED",
        "Targets": [
          {
            "Arn": {
              "Fn::GetAtt": [
                "SweeperFunctionB5F2624B",
                "Arn",
              ],
            },
            "Id": "Target0",
          },
        ],
      },
      "Type": "AWS::Events::Rule",
    },
    "SweeperScheduleAllowEventRuleTestComputeStackSweeperFunction115D038974B68263": {
      "Properties": {
        "Action": "lambda:InvokeFunction",
        "FunctionName": {
          "Fn::GetAtt": [
            "SweeperFunctionB5F2624B",
            "Arn",
          ],
        },
        "Principal": "events.amazonaws.com",
        "SourceArn": {
          "Fn::GetAtt": [
            "SweeperSchedule231E891E",
            "Arn",
          ],
        },
      },
      "Type": "AWS::Lambda::Permission",
    },
  },
  "Rules": {
    "CheckBootstrapVersion": {
      "Assertions": [
        {
          "Assert": {
            "Fn::Not": [
              {
                "Fn::Contains": [
                  [
                    "1",
                    "2",
                    "3",
                    "4",
                    "5",
                  ],
                  {
                    "Ref": "BootstrapVersion",
                  },
                ],
              },
            ],
          },
          "AssertDescription": "CDK bootstrap stack version 6 required. Please run 'cdk bootstrap' with a recent version of the CDK CLI.",
        },
      ],
    },
  },
}
`;
