// Jest Snapshot v1, https://jestjs.io/docs/snapshot-testing

exports[`CwdComputeStack matches the committed template snapshot 1`] = `
{
  "Outputs": {
    "ApiBaseUrl": {
      "Value": {
        "Fn::GetAtt": [
          "HttpApiF5A9A8A7",
          "ApiEndpoint",
        ],
      },
    },
  },
  "Parameters": {
    "BootstrapVersion": {
      "Default": "/cdk-bootstrap/hnb659fds/version",
      "Description": "Version of the CDK Bootstrap resources in this environment, automatically retrieved from SSM Parameter Store. [cdk:skip]",
      "Type": "AWS::SSM::Parameter::Value<String>",
    },
  },
  "Resources": {
    "ApiFunctionCE271BD4": {
      "DependsOn": [
        "ApiFunctionServiceRole52B9747B",
      ],
      "Properties": {
        "Architectures": [
          "x86_64",
        ],
        "Code": {
          "ImageUri": {
            "Fn::Sub": "123456789012.dkr.ecr.us-east-1.\${AWS::URLSuffix}/cdk-hnb659fds-container-assets-123456789012-us-east-1:04640afe578544f46c24572b7a8076402b73ee97ae7487e50067d12a1e3676a3",
          },
        },
        "Environment": {
          "Variables": {
            "CWD_COMMIT": "<commit-sha>",
            "CWD_ENV": "dev",
            "CWD_VERSION": "0.1.0",
          },
        },
        "FunctionName": "cwd-dev-api",
        "ImageConfig": {
          "Command": [
            "api.handler.lambda_handler",
          ],
        },
        "LoggingConfig": {
          "LogGroup": {
            "Ref": "ApiLogGroup1DEDFC07",
          },
        },
        "MemorySize": 512,
        "PackageType": "Image",
        "Role": {
          "Fn::GetAtt": [
            "ApiFunctionServiceRole52B9747B",
            "Arn",
          ],
        },
        "Timeout": 10,
      },
      "Type": "AWS::Lambda::Function",
    },
    "ApiFunctionServiceRole52B9747B": {
      "Properties": {
        "AssumeRolePolicyDocument": {
          "Statement": [
            {
              "Action": "sts:AssumeRole",
              "Effect": "Allow",
              "Principal": {
                "Service": "lambda.amazonaws.com",
              },
            },
          ],
          "Version": "2012-10-17",
        },
        "ManagedPolicyArns": [
          {
            "Fn::Join": [
              "",
              [
                "arn:",
                {
                  "Ref": "AWS::Partition",
                },
                ":iam::aws:policy/service-role/AWSLambdaBasicExecutionRole",
              ],
            ],
          },
        ],
      },
      "Type": "AWS::IAM::Role",
    },
    "ApiLogGroup1DEDFC07": {
      "DeletionPolicy": "Delete",
      "Properties": {
        "LogGroupName": "/aws/lambda/cwd-dev-api",
        "RetentionInDays": 30,
      },
      "Type": "AWS::Logs::LogGroup",
      "UpdateReplacePolicy": "Delete",
    },
    "Dashboard9E4231ED": {
      "Properties": {
        "DashboardBody": {
          "Fn::Join": [
            "",
            [
              "{"widgets":[{"type":"metric","width":6,"height":6,"x":0,"y":0,"properties":{"view":"timeSeries","title":"api Lambda invocations / errors","region":"",
              {
                "Ref": "AWS::Region",
              },
              "","metrics":[["AWS/Lambda","Invocations","FunctionName","",
              {
                "Ref": "ApiFunctionCE271BD4",
              },
              "",{"stat":"Sum"}],["AWS/Lambda","Errors","FunctionName","",
              {
                "Ref": "ApiFunctionCE271BD4",
              },
              "",{"stat":"Sum"}]],"yAxis":{}}},{"type":"metric","width":6,"height":6,"x":6,"y":0,"properties":{"view":"timeSeries","title":"api Lambda duration","region":"",
              {
                "Ref": "AWS::Region",
              },
              "","metrics":[["AWS/Lambda","Duration","FunctionName","",
              {
                "Ref": "ApiFunctionCE271BD4",
              },
              ""]],"yAxis":{}}}]}",
            ],
          ],
        },
        "DashboardName": "cwd-dev",
      },
      "Type": "AWS::CloudWatch::Dashboard",
    },
    "HttpApiDefaultStage3EEB07D6": {
      "Properties": {
        "ApiId": {
          "Ref": "HttpApiF5A9A8A7",
        },
        "AutoDeploy": true,
        "StageName": "$default",
      },
      "Type": "AWS::ApiGatewayV2::Stage",
    },
    "HttpApiF5A9A8A7": {
      "Properties": {
        "Name": "cwd-dev-api",
        "ProtocolType": "HTTP",
      },
      "Type": "AWS::ApiGatewayV2::Api",
    },
    "HttpApiGETecho85E3C1F8": {
      "Properties": {
        "ApiId": {
          "Ref": "HttpApiF5A9A8A7",
        },
        "AuthorizationType": "JWT",
        "AuthorizerId": {
          "Ref": "HttpApiJwtAuthorizer14F16BDB",
        },
        "RouteKey": "GET /echo",
        "Target": {
          "Fn::Join": [
            "",
            [
              "integrations/",
              {
                "Ref": "HttpApiGEThealthApiIntegration8B197B8C",
              },
            ],
          ],
        },
      },
      "Type": "AWS::ApiGatewayV2::Route",
    },
    "HttpApiGETechoApiIntegrationPermission0D722AEC": {
      "Properties": {
        "Action": "lambda:InvokeFunction",
        "FunctionName": {
          "Fn::GetAtt": [
            "ApiFunctionCE271BD4",
            "Arn",
          ],
        },
        "Principal": "apigateway.amazonaws.com",
        "SourceArn": {
          "Fn::Join": [
            "",
            [
              "arn:",
              {
                "Ref": "AWS::Partition",
              },
              ":execute-api:us-east-1:123456789012:",
              {
                "Ref": "HttpApiF5A9A8A7",
              },
              "/*/*/echo",
            ],
          ],
        },
      },
      "Type": "AWS::Lambda::Permission",
    },
    "HttpApiGEThealthAB1F4856": {
      "Properties": {
        "ApiId": {
          "Ref": "HttpApiF5A9A8A7",
        },
        "AuthorizationType": "NONE",
        "RouteKey": "GET /health",
        "Target": {
          "Fn::Join": [
            "",
            [
              "integrations/",
              {
                "Ref": "HttpApiGEThealthApiIntegration8B197B8C",
              },
            ],
          ],
        },
      },
      "Type": "AWS::ApiGatewayV2::Route",
    },
    "HttpApiGEThealthApiIntegration8B197B8C": {
      "Properties": {
        "ApiId": {
          "Ref": "HttpApiF5A9A8A7",
        },
        "IntegrationType": "AWS_PROXY",
        "IntegrationUri": {
          "Fn::GetAtt": [
            "ApiFunctionCE271BD4",
            "Arn",
          ],
        },
        "PayloadFormatVersion": "2.0",
      },
      "Type": "AWS::ApiGatewayV2::Integration",
    },
    "HttpApiGEThealthApiIntegrationPermissionBE15BCAA": {
      "Properties": {
        "Action": "lambda:InvokeFunction",
        "FunctionName": {
          "Fn::GetAtt": [
            "ApiFunctionCE271BD4",
            "Arn",
          ],
        },
        "Principal": "apigateway.amazonaws.com",
        "SourceArn": {
          "Fn::Join": [
            "",
            [
              "arn:",
              {
                "Ref": "AWS::Partition",
              },
              ":execute-api:us-east-1:123456789012:",
              {
                "Ref": "HttpApiF5A9A8A7",
              },
              "/*/*/health",
            ],
          ],
        },
      },
      "Type": "AWS::Lambda::Permission",
    },
    "HttpApiJwtAuthorizer14F16BDB": {
      "Properties": {
        "ApiId": {
          "Ref": "HttpApiF5A9A8A7",
        },
        "AuthorizerType": "JWT",
        "IdentitySource": [
          "$request.header.Authorization",
        ],
        "JwtConfiguration": {
          "Audience": [
            "test-client-id",
          ],
          "Issuer": "https://cognito-idp.us-east-1.amazonaws.com/us-east-1_test",
        },
        "Name": "JwtAuthorizer",
      },
      "Type": "AWS::ApiGatewayV2::Authorizer",
    },
  },
  "Rules": {
    "CheckBootstrapVersion": {
      "Assertions": [
        {
          "Assert": {
            "Fn::Not": [
              {
                "Fn::Contains": [
                  [
                    "1",
                    "2",
                    "3",
                    "4",
                    "5",
                  ],
                  {
                    "Ref": "BootstrapVersion",
                  },
                ],
              },
            ],
          },
          "AssertDescription": "CDK bootstrap stack version 6 required. Please run 'cdk bootstrap' with a recent version of the CDK CLI.",
        },
      ],
    },
  },
}
`;
